trahrhe -d"[N, M] -> { [i, j] : 0 <= i < N and 0 <= j < M }" -p -n
[trahrhe-cli] Starting trahrhe-blitzcrank cli 6.0
[trahrhe-cli] Using isl isl-0.27-GMP
[trahrhe-cli] Domain: [N, M] -> { [i, j] : 0 <= i < N and 0 <= j < M }
[trahrhe-cli] Print results: enabled
[trahrhe-cli] Dichotomy search: disabled
[trahrhe-cli] Tiling level: 0
[trahrhe-cli] Header generation: disabled
[trahrhe-cli] Verbose mode: enabled
[trahrhe-cli] computing Ehrhart polynomial...
[trahrhe] DEBUG: computing Ehrhart polynomials...
[trahrhe] DEBUG: computing tiling sets...
[trahrhe-cli] computing ranking polynomials...
[trahrhe-cli] computing trahrhe expressions...
Trahrhe computations:
Domain:
[N, M] -> { [i, j] : 0 <= i < N and 0 <= j < M }

Ehrhart polynomial:
==== Ehrhart Polynomials ====
-----------------------------
Case no. 0
----------
Validity domain :
    N > 0 and M > 0 
Ehrhart Expression :
    N * M 


Ranking polynomial:
==== Ranking Polynomials ====
-----------------------------
Case no. 0
----------
Validity domain :
    0 < i < N and 0 <= j < M
Ranking Expression :
    ((1 + M * i) + j) 

Case no. 1
----------
Validity domain :
    i = 0 and N > 0 and 0 <= j < M 
Ranking Expression :
    (1 + j) 

Trahrhe expressions:
==== i Trahrhe expressions ====
-------------------------------
Case no. 0
----------
Validity domain :
    ( ((1 + M))  <= pc) && (pc <=  (N * M) ) && ((-2 + N >= 0 && -1 + M >= 0) ) 
Trahrhe Expression :
    (-1 + M >= 0 && -1 + i >= 0 && -1 + N - i >= 0)  !  (pc-1)/M

Case no. 1
----------
Validity domain :
    ( (1)  <= pc) && (pc <=  (M) ) && ((-1 + N >= 0 && -1 + M >= 0) ) 
Trahrhe Expression :
    (i == 0 && -1 + N >= 0 && -1 + M >= 0)  ! 0

==== j Trahrhe expressions ====
-------------------------------
Case no. 0
----------
Validity domain :
    ( ((1 + M))  <= pc) && (pc <=  (N * M) ) && ((-1 + M >= 0 && -1 + i >= 0 && -1 + N - i >= 0) ) 
Trahrhe Expression :
    (-1 + i >= 0 && -1 + N - i >= 0 && j >= 0 && -1 + M - j >= 0)  !  pc-M*i-1

Case no. 1
----------
Validity domain :
    ( (1)  <= pc) && (pc <=  (M) )  && ((i == 0 && -1 + N >= 0 && -1 + M >= 0) ) 
Trahrhe Expression :
    (i == 0 && -1 + N >= 0 && j >= 0 && -1 + M - j >= 0)  !  pc-1

[trahrhe-cli] computation time: 0.11965 seconds