trahrhe -d"[N, M] -> { [i, j] : 0 <= i < N and 0 <= j < M }" -p -n -t2
[trahrhe-cli] Starting trahrhe-blitzcrank cli 6.0
[trahrhe-cli] Using isl isl-0.27-GMP
[trahrhe-cli] Domain: [N, M] -> { [i, j] : 0 <= i < N and 0 <= j < M }
[trahrhe-cli] Print results: enabled
[trahrhe-cli] Dichotomy search: disabled
[trahrhe-cli] Tiling level: 2
[trahrhe-cli] Header generation: disabled
[trahrhe-cli] Verbose mode: enabled
[trahrhe-cli] computing Ehrhart polynomial...
[trahrhe] DEBUG: computing Ehrhart polynomials...
[trahrhe] DEBUG: computing tiling sets...
[trahrhe-cli] computing ranking polynomials...
[trahrhe-cli] computing trahrhe expressions...
Trahrhe computations:
Domain:
[N, M] -> { [i, j] : 0 <= i < N and 0 <= j < M }

Tiling level 0:
Ehrhart polynomial:
==== Ehrhart Polynomials ====
-----------------------------
Case no. 0
----------
Validity domain :
    N > 0 and M > 0 
Ehrhart Expression :
    N * M 


Ranking polynomial:
==== Ranking Polynomials ====
-----------------------------
Case no. 0
----------
Validity domain :
    0 < i < N and 0 <= j < M
Ranking Expression :
    ((1 + M * i) + j) 

Case no. 1
----------
Validity domain :
    i = 0 and N > 0 and 0 <= j < M 
Ranking Expression :
    (1 + j) 

Trahrhe expressions:
==== i Trahrhe expressions ====
-------------------------------
Case no. 0
----------
Validity domain :
    ( ((1 + M))  <= pc) && (pc <=  (N * M) ) && ((-2 + N >= 0 && -1 + M >= 0) ) 
Trahrhe Expression :
    (-1 + M >= 0 && -1 + i >= 0 && -1 + N - i >= 0)  !  (pc-1)/M

Case no. 1
----------
Validity domain :
    ( (1)  <= pc) && (pc <=  (M) ) && ((-1 + N >= 0 && -1 + M >= 0) ) 
Trahrhe Expression :
    (i == 0 && -1 + N >= 0 && -1 + M >= 0)  ! 0

==== j Trahrhe expressions ====
-------------------------------
Case no. 0
----------
Validity domain :
    ( (((2 - lbi) + ubi))  <= pc) && (pc <=  (((M + -M * lbi) + M * ubi)) ) && ((-2 + M >= 0 && lbi >= 0 && -lbi + ubi >= 0 && -1 + N - ubi >= 0) ) 
Trahrhe Expression :
    (lbi >= 0 && -lbi + ubi >= 0 && -1 + N - ubi >= 0 && -1 + j >= 0 && -1 + M - j >= 0)  !  (pc-1)/(ubi-lbi+1)

Case no. 1
----------
Validity domain :
    ( (1)  <= pc) && (pc <=  (((1 - lbi) + ubi)) ) && ((-1 + M >= 0 && lbi >= 0 && -lbi + ubi >= 0 && -1 + N - ubi >= 0) ) 
Trahrhe Expression :
    (j == 0 && -1 + M >= 0 && lbi >= 0 && -lbi + ubi >= 0 && -1 + N - ubi >= 0)  ! 0


Tiling level 1:
Ehrhart polynomial:
==== Ehrhart Polynomials ====
-----------------------------
Case no. 0
----------
Validity domain :
    M > 0 and lbi >= 0 and lbi <= ubi < N 
Ehrhart Expression :
    ((M + -M * lbi) + M * ubi) 


Ranking polynomial:
==== Ranking Polynomials ====
-----------------------------
Case no. 0
----------
Validity domain :
    lbi >= 0 and ubi < N and 0 < j < M and lbi <= i <= ubi
Ranking Expression :
    (((1 - lbi) + ((1 - lbi) + ubi) * j) + i) 

Case no. 1
----------
Validity domain :
    j = 0 and M > 0 and lbi >= 0 and ubi < N and lbi <= i <= ubi 
Ranking Expression :
    ((1 - lbi) + i) 

Trahrhe expressions:
==== i Trahrhe expressions ====
-------------------------------
Case no. 0
----------
Validity domain :
    ( ((1 + M))  <= pc) && (pc <=  (N * M) ) && ((-2 + N >= 0 && -1 + M >= 0) ) 
Trahrhe Expression :
    (-1 + M >= 0 && -1 + i >= 0 && -1 + N - i >= 0)  !  (pc-1)/M

Case no. 1
----------
Validity domain :
    ( (1)  <= pc) && (pc <=  (M) ) && ((-1 + N >= 0 && -1 + M >= 0) ) 
Trahrhe Expression :
    (i == 0 && -1 + N >= 0 && -1 + M >= 0)  ! 0

==== j Trahrhe expressions ====
-------------------------------
Case no. 0
----------
Validity domain :
    ( (((2 - lbi) + ubi))  <= pc) && (pc <=  (((M + -M * lbi) + M * ubi)) ) && ((-2 + M >= 0 && lbi >= 0 && -lbi + ubi >= 0 && -1 + N - ubi >= 0) ) 
Trahrhe Expression :
    (lbi >= 0 && -lbi + ubi >= 0 && -1 + N - ubi >= 0 && -1 + j >= 0 && -1 + M - j >= 0)  !  (pc-1)/(ubi-lbi+1)

Case no. 1
----------
Validity domain :
    ( (1)  <= pc) && (pc <=  (((1 - lbi) + ubi)) ) && ((-1 + M >= 0 && lbi >= 0 && -lbi + ubi >= 0 && -1 + N - ubi >= 0) ) 
Trahrhe Expression :
    (j == 0 && -1 + M >= 0 && lbi >= 0 && -lbi + ubi >= 0 && -1 + N - ubi >= 0)  ! 0

[trahrhe-cli] computation time: 0.08675 seconds